WARNING: A restricted method in java.lang.System has been called
WARNING: java.lang.System::load has been called by net.rubygrapefruit.platform.internal.NativeLibraryLoader in an unnamed module (file:/C:/Users/lomic/.gradle/wrapper/dists/gradle-8.10.2-bin/a04bxjujx95o3nb99gddekhwo/gradle-8.10.2/lib/native-platform-0.22-milestone-26.jar)
WARNING: Use --enable-native-access=ALL-UNNAMED to avoid a warning for callers in this module
WARNING: Restricted methods will be blocked in a future release unless native access is enabled

> Task :app:clean
> Task :app:checkKotlinGradlePluginConfigurationErrors
> Task :app:preBuild UP-TO-DATE
> Task :app:preDebugBuild UP-TO-DATE
> Task :app:generateDebugResValues
> Task :app:mapDebugSourceSetPaths
> Task :app:generateDebugResources
> Task :app:checkDebugAarMetadata
> Task :app:packageDebugResources
> Task :app:createDebugCompatibleScreenManifests
> Task :app:parseDebugLocalResources
> Task :app:extractDeepLinksDebug
> Task :app:processDebugMainManifest
> Task :app:processDebugManifest
> Task :app:mergeDebugResources
> Task :app:processDebugManifestForPackage
> Task :app:processDebugResources
> Task :app:compileDebugKotlin
w: file:///C:/Users/lomic/Desktop/DrawRun/app/src/main/java/com/drawrun/app/MainActivity.kt:125:96 'get(String!): Any?' is deprecated. Deprecated in Java
w: file:///C:/Users/lomic/Desktop/DrawRun/app/src/main/java/com/drawrun/app/MainActivity.kt:162:88 'versionCode: Int' is deprecated. Deprecated in Java
w: file:///C:/Users/lomic/Desktop/DrawRun/app/src/main/java/com/drawrun/app/logic/CoachAI.kt:126:13 Variable 'ctl' is never used
w: file:///C:/Users/lomic/Desktop/DrawRun/app/src/main/java/com/drawrun/app/logic/CoachAI.kt:133:13 Variable 'effTsb' is never used
w: file:///C:/Users/lomic/Desktop/DrawRun/app/src/main/java/com/drawrun/app/logic/CoachAI.kt:315:13 Variable 'planStart' is never used
w: file:///C:/Users/lomic/Desktop/DrawRun/app/src/main/java/com/drawrun/app/logic/CoachAI.kt:389:26 Variable 'avgPaceSec' initializer is redundant
w: file:///C:/Users/lomic/Desktop/DrawRun/app/src/main/java/com/drawrun/app/logic/DataSyncManager.kt:209:82 No cast needed
w: file:///C:/Users/lomic/Desktop/DrawRun/app/src/main/java/com/drawrun/app/logic/DataSyncManager.kt:586:21 Condition 'athleteId != null' is always 'true'
w: file:///C:/Users/lomic/Desktop/DrawRun/app/src/main/java/com/drawrun/app/logic/DataSyncManager.kt:787:74 No cast needed
w: file:///C:/Users/lomic/Desktop/DrawRun/app/src/main/java/com/drawrun/app/logic/PerformanceAnalyzer.kt:527:64 Parameter 'sex' is never used
w: file:///C:/Users/lomic/Desktop/DrawRun/app/src/main/java/com/drawrun/app/logic/PerformanceAnalyzer.kt:703:32 Destructured parameter 't' is never used
w: file:///C:/Users/lomic/Desktop/DrawRun/app/src/main/java/com/drawrun/app/logic/PlanCompliance.kt:53:17 Variable 'matchCount' is never used
w: file:///C:/Users/lomic/Desktop/DrawRun/app/src/main/java/com/drawrun/app/logic/PlanCompliance.kt:59:21 Variable 'lap' is never used
w: file:///C:/Users/lomic/Desktop/DrawRun/app/src/main/java/com/drawrun/app/logic/ScienceEngine.kt:175:13 Variable 'pE' is never used
w: file:///C:/Users/lomic/Desktop/DrawRun/app/src/main/java/com/drawrun/app/logic/ScienceEngine.kt:431:9 Parameter 'best50m' is never used
w: file:///C:/Users/lomic/Desktop/DrawRun/app/src/main/java/com/drawrun/app/logic/ScienceEngine.kt:434:9 Parameter 'best1500m' is never used
w: file:///C:/Users/lomic/Desktop/DrawRun/app/src/main/java/com/drawrun/app/logic/TrainingPlanGenerator.kt:80:13 Variable 'p4Weeks' is never used
w: file:///C:/Users/lomic/Desktop/DrawRun/app/src/main/java/com/drawrun/app/logic/TrainingPlanGenerator.kt:82:13 Variable 'currentWeek' is never used
w: file:///C:/Users/lomic/Desktop/DrawRun/app/src/main/java/com/drawrun/app/logic/TrainingPlanGenerator.kt:185:9 Parameter 'phase' is never used
w: file:///C:/Users/lomic/Desktop/DrawRun/app/src/main/java/com/drawrun/app/logic/TrainingPlanGenerator.kt:189:13 Variable 'unit' is never used
w: file:///C:/Users/lomic/Desktop/DrawRun/app/src/main/java/com/drawrun/app/logic/TrainingPlanGenerator.kt:195:21 Variable 'sesh' is never used
w: file:///C:/Users/lomic/Desktop/DrawRun/app/src/main/java/com/drawrun/app/ui/components/ActivityMap.kt:59:25 Variable 'maxOffset' is never used
w: file:///C:/Users/lomic/Desktop/DrawRun/app/src/main/java/com/drawrun/app/ui/components/PlanComponents.kt:283:5 Parameter 'state' is never used
w: file:///C:/Users/lomic/Desktop/DrawRun/app/src/main/java/com/drawrun/app/ui/components/WorkoutCreator.kt:261:9 Variable 'editedStep' is never used
w: file:///C:/Users/lomic/Desktop/DrawRun/app/src/main/java/com/drawrun/app/ui/screens/ActivityDetailScreen.kt:53:9 Variable 'scope' is never used
w: file:///C:/Users/lomic/Desktop/DrawRun/app/src/main/java/com/drawrun/app/ui/screens/ActivityDetailScreen.kt:341:72 Unnecessary safe call on a non-null receiver of type ActivityAnalysis?
w: file:///C:/Users/lomic/Desktop/DrawRun/app/src/main/java/com/drawrun/app/ui/screens/ActivityDetailScreen.kt:342:50 Unnecessary safe call on a non-null receiver of type ActivityAnalysis?
w: file:///C:/Users/lomic/Desktop/DrawRun/app/src/main/java/com/drawrun/app/ui/screens/ActivityDetailScreen.kt:397:109 Unnecessary safe call on a non-null receiver of type ActivityAnalysis?
w: file:///C:/Users/lomic/Desktop/DrawRun/app/src/main/java/com/drawrun/app/ui/screens/ActivityDetailScreen.kt:410:98 Unnecessary safe call on a non-null receiver of type ActivityAnalysis?
w: file:///C:/Users/lomic/Desktop/DrawRun/app/src/main/java/com/drawrun/app/ui/screens/ActivityDetailScreen.kt:422:105 Unnecessary safe call on a non-null receiver of type ActivityAnalysis?
w: file:///C:/Users/lomic/Desktop/DrawRun/app/src/main/java/com/drawrun/app/ui/screens/ActivityDetailScreen.kt:434:56 Unnecessary safe call on a non-null receiver of type ActivityAnalysis?
w: file:///C:/Users/lomic/Desktop/DrawRun/app/src/main/java/com/drawrun/app/ui/screens/ActivityDetailScreen.kt:446:36 Condition 'analysis != null' is always 'true'
w: file:///C:/Users/lomic/Desktop/DrawRun/app/src/main/java/com/drawrun/app/ui/screens/ActivityDetailScreen.kt:466:21 Condition 'analysis != null' is always 'true'
w: file:///C:/Users/lomic/Desktop/DrawRun/app/src/main/java/com/drawrun/app/ui/screens/ActivityDetailScreen.kt:517:21 Condition 'analysis != null' is always 'true'
w: file:///C:/Users/lomic/Desktop/DrawRun/app/src/main/java/com/drawrun/app/ui/screens/HomeScreen.kt:810:21 Variable 'minTsb' is never used
w: file:///C:/Users/lomic/Desktop/DrawRun/app/src/main/java/com/drawrun/app/ui/screens/HomeScreen.kt:811:21 Variable 'maxTsb' is never used
w: file:///C:/Users/lomic/Desktop/DrawRun/app/src/main/java/com/drawrun/app/ui/screens/OnboardingScreens.kt:196:110 No cast needed
w: file:///C:/Users/lomic/Desktop/DrawRun/app/src/main/java/com/drawrun/app/ui/screens/OnboardingScreens.kt:217:13 Name shadowed: context
w: file:///C:/Users/lomic/Desktop/DrawRun/app/src/main/java/com/drawrun/app/ui/screens/PerformanceScreen.kt:235:63 Elvis operator (?:) always returns the left operand of non-nullable type Double
w: file:///C:/Users/lomic/Desktop/DrawRun/app/src/main/java/com/drawrun/app/ui/screens/PerformanceScreen.kt:240:54 Unnecessary safe call on a non-null receiver of type Double
w: file:///C:/Users/lomic/Desktop/DrawRun/app/src/main/java/com/drawrun/app/ui/screens/PerformanceScreen.kt:240:66 Elvis operator (?:) always returns the left operand of non-nullable type Float
w: file:///C:/Users/lomic/Desktop/DrawRun/app/src/main/java/com/drawrun/app/ui/screens/ProfileScreen.kt:246:126 No cast needed
w: file:///C:/Users/lomic/Desktop/DrawRun/app/src/main/java/com/drawrun/app/ui/screens/ProfileScreen.kt:418:17 Parameter 'theme' is never used
w: file:///C:/Users/lomic/Desktop/DrawRun/app/src/main/java/com/drawrun/app/ui/theme/Theme.kt:75:20 'setter for statusBarColor: Int' is deprecated. Deprecated in Java

BUILD SUCCESSFUL in 1m 2s
16 actionable tasks: 16 executed
